2025-11-04 07:55:58,252 DEBUG cd frappe-bench && python3 -m venv env
2025-11-04 07:56:04,771 DEBUG cd frappe-bench && /Users/vkm/Documents/Work/github/frappe-bench/env/bin/python -m pip install --quiet --upgrade pip
2025-11-04 07:56:09,110 DEBUG cd frappe-bench && /Users/vkm/Documents/Work/github/frappe-bench/env/bin/python -m pip install --quiet wheel
2025-11-04 07:56:11,093 LOG Getting frappe
2025-11-04 07:56:11,094 DEBUG cd frappe-bench/apps && git clone https://github.com/frappe/frappe.git  --depth 1 --origin upstream
2025-11-04 07:56:21,960 LOG Installing frappe
2025-11-04 07:56:22,352 DEBUG cd /Users/vkm/Documents/Work/github/frappe-bench && /Users/vkm/Documents/Work/github/frappe-bench/env/bin/python -m pip install --quiet --upgrade -e /Users/vkm/Documents/Work/github/frappe-bench/apps/frappe 
2025-11-04 07:57:57,403 DEBUG cd /Users/vkm/Documents/Work/github/frappe-bench/apps/frappe && yarn install --check-files
2025-11-04 07:58:41,078 DEBUG cd frappe-bench && bench build
2025-11-04 07:58:41,824 INFO /Users/vkm/Documents/djangenv/bin/bench build
2025-11-04 07:59:48,831 LOG setting up backups
2025-11-04 07:59:52,771 LOG backups were set up
2025-11-04 07:59:52,772 INFO Bench frappe-bench initialized
2025-11-04 07:59:53,577 INFO A newer version of bench is available: 5.25.11 → 5.27.0
2025-11-04 08:00:38,457 INFO /Users/vkm/Documents/djangenv/bin/bench new-site mysite.local
2025-11-04 08:04:27,896 INFO /Users/vkm/Documents/djangenv/bin/bench new-app vkm_staff
2025-11-04 08:04:27,912 LOG creating new app vkm_staff
2025-11-04 08:04:57,468 LOG Installing vkm_staff
2025-11-04 08:04:57,471 DEBUG cd /Users/vkm/Documents/Work/github/frappe-bench && /Users/vkm/Documents/Work/github/frappe-bench/env/bin/python -m pip install --quiet --upgrade -e /Users/vkm/Documents/Work/github/frappe-bench/apps/vkm_staff 
2025-11-04 08:05:00,970 DEBUG bench build --app vkm_staff
2025-11-04 08:05:01,282 INFO /Users/vkm/Documents/djangenv/bin/bench build --app vkm_staff
2025-11-04 08:05:08,173 INFO A newer version of bench is available: 5.25.11 → 5.27.0
2025-11-04 08:05:40,739 INFO /Users/vkm/Documents/djangenv/bin/bench --site mysite.local install-app vkm_staff
2025-11-04 08:09:28,512 INFO /Users/vkm/Documents/djangenv/bin/bench build
2025-11-04 08:10:23,284 INFO /Users/vkm/Documents/djangenv/bin/bench start
2025-11-04 08:10:24,658 INFO /Users/vkm/Documents/djangenv/bin/bench serve --port 8002
2025-11-04 08:10:24,683 INFO /Users/vkm/Documents/djangenv/bin/bench watch
2025-11-04 08:10:24,702 INFO /Users/vkm/Documents/djangenv/bin/bench schedule
2025-11-04 08:10:24,711 INFO /Users/vkm/Documents/djangenv/bin/bench worker
2025-11-04 08:19:49,086 INFO /Users/vkm/Documents/djangenv/bin/bench build
2025-11-04 08:20:26,953 INFO /Users/vkm/Documents/djangenv/bin/bench start
2025-11-04 08:20:28,159 INFO /Users/vkm/Documents/djangenv/bin/bench serve --port 8002
2025-11-04 08:20:28,175 INFO /Users/vkm/Documents/djangenv/bin/bench watch
2025-11-04 08:20:28,183 INFO /Users/vkm/Documents/djangenv/bin/bench schedule
2025-11-04 08:20:28,183 INFO /Users/vkm/Documents/djangenv/bin/bench worker
2025-11-04 08:41:14,831 INFO /Users/vkm/Documents/djangenv/bin/bench console
2025-11-04 08:41:33,060 INFO /Users/vkm/Documents/djangenv/bin/bench --site mysite.local console
2025-11-04 08:44:44,451 INFO /Users/vkm/Documents/djangenv/bin/bench execute frappe.email.queue.flush
2025-11-04 08:45:01,547 INFO /Users/vkm/Documents/djangenv/bin/bench --site mysite.local console
2025-11-04 08:46:31,311 INFO /Users/vkm/Documents/djangenv/bin/bench execute --site mysite.local frappe.email.queue.flush
2025-11-04 08:46:42,342 INFO /Users/vkm/Documents/djangenv/bin/bench --site mysite.local execute frappe.email.queue.flush
